// Jest Snapshot v1, https://goo.gl/fbAQLP

exports[`should render HelpPage correctly 1`] = `
<div>
  this is from my help expense component
</div>
`;
